C51 COMPILER V9.60.7.0   LED                                                               10/09/2026 16:52:25 PAGE 1   


C51 COMPILER V9.60.7.0, COMPILATION OF MODULE LED
OBJECT MODULE PLACED IN .\Objects\LED.obj
COMPILER INVOKED BY: C:\Users\MICRO\AppData\Local\Keil_v5\C51\BIN\C51.EXE LED.c OPTIMIZE(8,SPEED) BROWSE DEBUG OBJECTEXT
                    -END PRINT(.\Listings\LED.lst) TABS(2) OBJECT(.\Objects\LED.obj)

line level    source

   1          #include<reg51.h>
   2          sbit LED_pin = P2^0; //set the LED pin as P2.0
   3          sbit LED_pin_1 = P2^2; //set the LED pin as P2.0
   4          sbit BUTTON = P2^1;
   5          void delay(int ms){
   6   1         unsigned int i, j;
   7   1         for(i = 0; i< ms; i++){
   8   2            // Outer for loop for given milliseconds value
   9   2            for(j = 0; j < 1275; j++){
  10   3               //execute in each milliseconds;
  11   3            }
  12   2         }
  13   1      }
  14          void main(){
  15   1        //LED_pin=0;
  16   1         while(1){
  17   2            //infinite loop for LED blinking
  18   2           if(BUTTON==1){
  19   3           
  20   3            LED_pin = 1;
  21   3            LED_pin_1 = 0;
  22   3           
  23   3         }
  24   2          
  25   2        else{
  26   3            LED_pin_1 = 1;
  27   3            LED_pin = 0;
  28   3           
  29   3       }
  30   2      }
  31   1         }


MODULE INFORMATION:   STATIC OVERLAYABLE
   CODE SIZE        =     47    ----
   CONSTANT SIZE    =   ----    ----
   XDATA SIZE       =   ----    ----
   PDATA SIZE       =   ----    ----
   DATA SIZE        =   ----    ----
   IDATA SIZE       =   ----    ----
   BIT SIZE         =   ----    ----
END OF MODULE INFORMATION.


C51 COMPILATION COMPLETE.  0 WARNING(S),  0 ERROR(S)
